// Jest Snapshot v1, https://goo.gl/fbAQLP

exports[`Index actions should create a getTodosSuccess action 1`] = `undefined`;

exports[`Index actions should create an action to create a todo 1`] = `undefined`;

exports[`Index actions should create an action to delete a todo 1`] = `undefined`;

exports[`Index actions should create an action to get all the todos 1`] = `undefined`;

exports[`Index actions should create an action to udpate a todo 1`] = `undefined`;

exports[`Index actions should reject on lack of text 1`] = `undefined`;
