// Jest Snapshot v1, https://goo.gl/fbAQLP

exports[`Row should call onCheckClick with _id and negation of current checked status when clicked 1`] = `<div />`;

exports[`Row should call onDeleteClick with _id when clicked 1`] = `<div />`;

exports[`Row should handle a checked entry 1`] = `<div />`;

exports[`Row should handle a unchecked entry 1`] = `<div />`;

exports[`Row should render 1`] = `<div />`;

exports[`Row should render a \`Delete\` button 1`] = `<div />`;

exports[`Row should render a button 1`] = `<div />`;

exports[`Row should render a to-do text 1`] = `<div />`;
